// Jest Snapshot v1, https://goo.gl/fbAQLP

exports[`WordCard component tests renders WordCard unchanged 1`] = `
<div>
  <div
    class="MuiPaper-root MuiPaper-elevation MuiPaper-rounded MuiPaper-elevation1 w-full max-w-md flex flex-col items-center relative css-i0bk1x-MuiPaper-root"
  >
    <div
      class="MuiBox-root css-yqcczr"
    />
    <div
      class="MuiStack-root css-12h60pv-MuiStack-root"
    >
      <span
        lang="ja"
        style="display: flex; flex-flow: row wrap; font-family: 'ヒラギノ角ゴ ProN', 'Hiragino Kaku Gothic ProN', 'TakaoPゴシック', TakaoPGothic, '游ゴシック', '游ゴシック体', YuGothic, 'Yu Gothic', 'メイリオ', Meiryo, 'ＭＳ ゴシック', 'MS Gothic', HiraKakuProN-W3, 'MotoyaLCedar', 'Droid Sans Japanese', sans-serif; font-size: 35pt; color: black; cursor: default; opacity: 0.75; justify-content: center; align-items: center; min-height: 83px; align-content: center;"
      >
        <span
          class="font-kanji"
          lang="ja"
          style="display: inline-flex; line-height: 1; flex-flow: column nowrap; justify-content: flex-end; align-items: center; align-self: flex-end; gap: 10px;"
        >
          <span
            lang="ja"
            style="display: block; font-size: 15pt; letter-spacing: -0.02em; margin: 0px 0.1em; padding-top: 0.2em; padding-bottom: 0.1em; user-select: none; opacity: 0.9;"
          >
            ことば
          </span>
          <span
            lang="ja"
            style="display: block;"
          >
            <span>
              言
            </span>
            <span>
              葉
            </span>
          </span>
        </span>
      </span>
      <table
        class="w-full border-collapse text-left font-kanji border border-solid border-neutral-300"
      >
        <tbody>
          <tr>
            <th
              class="bg-stone-100 text-center text-sm w-[75px] border border-solid border-neutral-300"
              rowspan="1"
            >
              翻訳
            </th>
            <td
              class="py-[5px] px-2 border border-solid border-neutral-300"
            >
              <p
                class="MuiTypography-root MuiTypography-body1 css-vkc4v8-MuiTypography-root"
              >
                Word
              </p>
            </td>
          </tr>
        </tbody>
      </table>
    </div>
  </div>
</div>
`;
